Description
"Soso was, Soso was"
Not much to say
Somewhere in Colombia
