And no one showed us to the land
And no one knows the where's or why's
